# A tibble: 6 × 4
      x group group2 values
  <int> <chr> <chr>   <int>
1     1 A     LUAD       97
2     1 A     STAD       90
3     1 A     SKCM        5
4     1 B     LUAD       68
5     1 B     STAD       89
6     1 B     SKCM       79

[stderr]
── Attaching core tidyverse packages ──────────────────────── tidyverse 2.0.0 ──
✔ dplyr     1.1.4     ✔ readr     2.1.5
✔ forcats   1.0.0     ✔ stringr   1.5.1
✔ lubridate 1.9.4     ✔ tibble    3.2.1
✔ purrr     1.0.4     ✔ tidyr     1.3.1
── Conflicts ────────────────────────────────────────── tidyverse_conflicts() ──
✖ dplyr::filter() masks stats::filter()
✖ dplyr::lag()    masks stats::lag()
ℹ Use the conflicted package (<http://conflicted.r-lib.org/>) to force all conflicts to become errors
Warning message:
Using `size` aesthetic for lines was deprecated in ggplot2 3.4.0.
ℹ Please use `linewidth` instead. 

Attaching package: ‘cowplot’

The following object is masked from ‘package:lubridate’:

    stamp

