# A tibble: 6 × 6
# Groups:   y [6]
  y        log2FC        p group  x_min  x_max
  <chr>     <dbl>    <dbl> <chr>  <dbl>  <dbl>
1 DAG 21:1 -4.92  3.68e- 2 HFSW  -4.92  -4.05 
2 DAG 22:2 -3.27  9.23e- 7 HFSW  -3.27  -2.57 
3 DAG 23:3 -2.29  7.73e- 2 HFSW  -2.29  -1.30 
4 DAG 24:4 -0.296 8.19e-10 HFSW  -0.296  0.412
5 DAG 25:5 -0.717 3.95e- 5 HFSW  -1.31  -0.686
6 DAG 26:6 -0.557 2.39e- 4 HFSW  -1.22  -0.557

[stderr]
── Attaching core tidyverse packages ──────────────────────── tidyverse 2.0.0 ──
✔ dplyr     1.1.4     ✔ readr     2.1.5
✔ forcats   1.0.0     ✔ stringr   1.5.1
✔ ggplot2   4.0.3     ✔ tibble    3.2.1
✔ lubridate 1.9.4     ✔ tidyr     1.3.1
✔ purrr     1.0.4     
── Conflicts ────────────────────────────────────────── tidyverse_conflicts() ──
✖ dplyr::filter() masks stats::filter()
✖ dplyr::lag()    masks stats::lag()
ℹ Use the conflicted package (<http://conflicted.r-lib.org/>) to force all conflicts to become errors
