
[stderr]
── Attaching core tidyverse packages ──────────────────────── tidyverse 2.0.0 ──
✔ dplyr     1.1.4     ✔ readr     2.1.5
✔ forcats   1.0.0     ✔ stringr   1.5.1
✔ lubridate 1.9.4     ✔ tibble    3.2.1
✔ purrr     1.0.4     ✔ tidyr     1.3.1
── Conflicts ────────────────────────────────────────── tidyverse_conflicts() ──
✖ dplyr::filter() masks stats::filter()
✖ dplyr::lag()    masks stats::lag()
ℹ Use the conflicted package (<http://conflicted.r-lib.org/>) to force all conflicts to become errors
ggtree v3.14.0 Learn more at https://yulab-smu.top/contribution-tree-data/

Please cite:

Guangchuang Yu.  Data Integration, Manipulation and Visualization of
Phylogenetic Trees (1st edition). Chapman and Hall/CRC. 2022,
doi:10.1201/9781003279242, ISBN: 9781032233574

Attaching package: ‘ggtree’

The following object is masked from ‘package:tidyr’:

    expand


Attaching package: ‘magrittr’

The following object is masked from ‘package:ggtree’:

    inset

The following object is masked from ‘package:purrr’:

    set_names

The following object is masked from ‘package:tidyr’:

    extract


Attaching package: ‘ape’

The following object is masked from ‘package:ggtree’:

    rotate

The following object is masked from ‘package:dplyr’:

    where

treeio v1.30.0 Learn more at https://yulab-smu.top/contribution-tree-data/

Please cite:

LG Wang, TTY Lam, S Xu, Z Dai, L Zhou, T Feng, P Guo, CW Dunn, BR
Jones, T Bradley, H Zhu, Y Guan, Y Jiang, G Yu. treeio: an R package
for phylogenetic tree input and output with richly annotated and
associated data. Molecular Biology and Evolution. 2020, 37(2):599-603.
doi: 10.1093/molbev/msz240
Loading required package: maps

Attaching package: ‘maps’

The following object is masked from ‘package:purrr’:

    map


Attaching package: ‘phytools’

The following object is masked from ‘package:treeio’:

    read.newick

Warning messages:
1: `aes_()` was deprecated in ggplot2 3.0.0.
ℹ Please use tidy evaluation idioms with `aes()`
ℹ The deprecated feature was likely used in the ggtree package.
  Please report the issue at <https://github.com/YuLab-SMU/ggtree/issues>. 
2: In fortify(data, ...) : Arguments in `...` must be used.
✖ Problematic arguments:
• as.Date = as.Date
• yscale_mapping = yscale_mapping
• hang = hang
ℹ Did you misspell an argument name?
Warning messages:
1: In `[<-.factor`(`*tmp*`, is.na(x), value = "Other") :
  invalid factor level, NA generated
2: In `[<-.factor`(`*tmp*`, is.na(x), value = "Other") :
  invalid factor level, NA generated
