
[stderr]
── Attaching core tidyverse packages ──────────────────────── tidyverse 2.0.0 ──
✔ dplyr     1.1.4     ✔ readr     2.1.5
✔ forcats   1.0.0     ✔ stringr   1.5.1
✔ lubridate 1.9.4     ✔ tibble    3.2.1
✔ purrr     1.0.4     ✔ tidyr     1.3.1
── Conflicts ────────────────────────────────────────── tidyverse_conflicts() ──
✖ tidyr::extract()   masks magrittr::extract()
✖ dplyr::filter()    masks stats::filter()
✖ dplyr::lag()       masks stats::lag()
✖ purrr::set_names() masks magrittr::set_names()
ℹ Use the conflicted package (<http://conflicted.r-lib.org/>) to force all conflicts to become errors

Attaching package: ‘tidygraph’

The following object is masked from ‘package:stats’:

    filter


Attaching package: ‘cowplot’

The following object is masked from ‘package:ggpubr’:

    get_legend

The following object is masked from ‘package:lubridate’:

    stamp

Rows: 68 Columns: 7
── Column specification ────────────────────────────────────────────────────────
Delimiter: "\t"
chr (3): ID, group, HMDB class
dbl (4): n, Log2FC, VIP, Corr coef

ℹ Use `spec()` to retrieve the full column specification for this data.
ℹ Specify the column types or set `show_col_types = FALSE` to quiet this message.
Rows: 68 Columns: 7
── Column specification ────────────────────────────────────────────────────────
Delimiter: "\t"
chr (3): ID, group, HMDB class
dbl (4): n, Log2FC, VIP, Corr coef

ℹ Use `spec()` to retrieve the full column specification for this data.
ℹ Specify the column types or set `show_col_types = FALSE` to quiet this message.
Warning message:
In get_plot_component(plot, "guide-box") :
  Multiple components found; returning the first one. To return all, use `return_all = TRUE`.
Warning message:
In get_plot_component(plot, "guide-box") :
  Multiple components found; returning the first one. To return all, use `return_all = TRUE`.
Warning message:
In get_plot_component(plot, "guide-box") :
  Multiple components found; returning the first one. To return all, use `return_all = TRUE`.
There were 14 warnings (use warnings() to see them)
