{"case": "plotcase_heatmap_circlize风格多层次极坐标热图", "status": "success", "script": "raw/code.R", "chosen": "raw/Rplots.pdf"}
{"case": "plotcase_heatmap_多层嵌套分面热图", "status": "success", "script": "raw/code.R", "chosen": "raw/Rplots.pdf"}
{"case": "plotcase_heatmap_系统发育树组合离散热图", "status": "success", "script": "raw/code.R", "chosen": "raw/Rplots.pdf"}
{"case": "plotcase_network_STRING_BioNet网络模块解析代码实战", "status": "success", "script": "raw/code.R", "chosen": "raw/Rplots.pdf"}
{"case": "plotcase_tree_ggtree绘制多层级进化树", "status": "failed", "errors": [{"script": "raw/code.R", "returncode": 1, "stderr": "treeExtra: Compact\nvisualization of richly annotated phylogenetic data. Molecular Biology\nand Evolution. 2021, 38(9):4039-4042. doi: 10.1093/molbev/msab166\n\nAttaching package: ‘ggtree’\n\nThe following object is masked from ‘package:ape’:\n\n    rotate\n\nThe following object is masked from ‘package:tidyr’:\n\n    expand\n\nggtreeExtra v1.16.0 For help: https://yulab-smu.top/treedata-book/\n\nIf you use the ggtree package suite in published research, please cite\nthe appropriate paper(s):\n\nS Xu, Z Dai, P Guo, X Fu, S Liu, L Zhou, W Tang, T Feng, M Chen, L\nZhan, T Wu, E Hu, Y Jiang, X Bo, G Yu. ggtreeExtra: Compact\nvisualization of richly annotated phylogenetic data. Molecular Biology\nand Evolution. 2021, 38(9):4039-4042. doi: 10.1093/molbev/msab166\nError in `mutate()`:\nℹ In argument: `D = replace_na(D, \"Unidentified\")`.\nCaused by error:\n! Input must be a vector, not a function.\nBacktrace:\n     ▆\n  1. ├─global read_region(\"v4.txt\", \"group.v4.txt\", \"v4\")\n  2. │ └─... %>% rename_with(~ paste0(.x, \".\", region))\n  3. ├─dplyr::rename_with(., ~paste0(.x, \".\", region))\n  4. ├─tibble::column_to_rownames(., \"D\")\n  5. │ ├─base::stopifnot(is.data.frame(.data))\n  6. │ └─base::is.data.frame(.data)\n  7. ├─dplyr::summarise(., across(all_of(group$sample), sum), .groups = \"drop\")\n  8. ├─dplyr::group_by(., D)\n  9. ├─dplyr::mutate(., D = replace_na(D, \"Unidentified\"))\n 10. ├─dplyr:::mutate.data.frame(., D = replace_na(D, \"Unidentified\"))\n 11. │ └─dplyr:::mutate_cols(.data, dplyr_quosures(...), by)\n 12. │   ├─base::withCallingHandlers(...)\n 13. │   └─dplyr:::mutate_col(dots[[i]], data, mask, new_columns)\n 14. │     └─mask$eval_all_mutate(quo)\n 15. │       └─dplyr (local) eval()\n 16. ├─tidyr::replace_na(D, \"Unidentified\")\n 17. ├─tidyr:::replace_na.default(D, \"Unidentified\")\n 18. │ └─vctrs::vec_any_missing(data)\n 19. └─vctrs:::stop_scalar_type(`<fn>`(`<fn>`), \"\", NULL)\n 20.   └─vctrs:::stop_vctrs(...)\n 21.     └─rlang::abort(message, class = c(class, \"vctrs_error\"), ..., call = call)\nExecution halted\n", "stdout": ""}]}
{"case": "plotcase_tree_多层级系统发育树图", "status": "failed", "errors": [{"script": "raw/code.R", "returncode": 1, "stderr": "ady present.\nAdding another scale for fill, which will replace the existing scale.\nError in `stat_tree()`:\n! Problem while computing aesthetics.\nℹ Error occurred in the 1st layer.\nCaused by error in `check_aesthetics()`:\n! Aesthetics must be either length 1 or the same as the data (5709).\n✖ Fix the following mappings: `from` and `to`.\nBacktrace:\n     ▆\n  1. └─S7:::Ops.S7_object(...)\n  2.   ├─base::tryCatch(return(base_ops[[.Generic]](e1, e2)), S7_error_method_not_found = function(cnd) cnd)\n  3.   │ └─base (local) tryCatchList(expr, classes, parentenv, handlers)\n  4.   │   └─base (local) tryCatchOne(expr, names, parentenv, handlers[[1L]])\n  5.   │     └─base (local) doTryCatch(return(expr), name, parentenv, handler)\n  6.   └─base_ops[[.Generic]](e1, e2)\n  7.     ├─S7::S7_dispatch()\n  8.     └─ggplot2 (local) `method(+, list(ggplot2::ggplot, class_any))`(...)\n  9.       └─ggplot2:::add_ggplot(e1, e2, e2name)\n 10.         ├─ggplot2::ggplot_add(object, p, objectname)\n 11.         └─ggnewscale:::ggplot_add.new_aes(object, p, objectname)\n 12.           ├─ggplot2::ggplot_build(plot)\n 13.           └─ggplot2 (local) `ggplot_build.ggplot2::ggplot`(plot)\n 14.             └─ggplot2:::by_layer(...)\n 15.               ├─rlang::try_fetch(...)\n 16.               │ ├─base::tryCatch(...)\n 17.               │ │ └─base (local) tryCatchList(expr, classes, parentenv, handlers)\n 18.               │ │   └─base (local) tryCatchOne(expr, names, parentenv, handlers[[1L]])\n 19.               │ │     └─base (local) doTryCatch(return(expr), name, parentenv, handler)\n 20.               │ └─base::withCallingHandlers(...)\n 21.               └─ggplot2 (local) f(l = layers[[i]], d = data[[i]])\n 22.                 └─l$compute_aesthetics(d, plot)\n 23.                   └─ggplot2 (local) compute_aesthetics(..., self = self)\n 24.                     └─ggplot2:::check_aesthetics(evaled, n)\n 25.                       └─cli::cli_abort(...)\n 26.                         └─rlang::abort(...)\nExecution halted\n", "stdout": ""}]}
{"case": "plotmaster_005复杂热图", "status": "success", "script": "raw/complex_heatmap.R", "chosen": "raw/Rplots.pdf"}
{"case": "plotmaster_017基因融合热图+堆积柱状图", "status": "success", "script": "raw/codes.R", "chosen": "raw/Stack_Barplot.png"}
{"case": "plotmaster_022复杂环形热图", "status": "success", "script": "raw/codes.R", "chosen": "raw/plot.png"}
{"case": "plotmaster_024矩阵饼图+分组注释", "status": "success", "script": "raw/codes.R", "chosen": "raw/Rplots.pdf"}
{"case": "plotmaster_028分面双向柱状图+热图注释", "status": "success", "script": "raw/codes.R", "chosen": "raw/Rplots.pdf"}
{"case": "plotmaster_037分类变量环形热图", "status": "success", "script": "raw/codes.R", "chosen": "raw/plot.png"}
{"case": "plotmaster_056复杂网络图", "status": "success", "script": "raw/codes.R", "chosen": "raw/plot.png"}
{"case": "plotmaster_059桑基气泡图", "status": "success", "script": "raw/codes.R", "chosen": "raw/plot.png"}
{"case": "plotmaster_060复杂环形互作网络图", "status": "failed", "errors": [{"script": "raw/codes.R", "returncode": 1, "stderr": "── Attaching core tidyverse packages ──────────────────────── tidyverse 2.0.0 ──\n✔ dplyr     1.1.4     ✔ readr     2.1.5\n✔ forcats   1.0.0     ✔ stringr   1.5.1\n✔ ggplot2   4.0.1     ✔ tibble    3.2.1\n✔ lubridate 1.9.4     ✔ tidyr     1.3.1\n✔ purrr     1.0.4     \n── Conflicts ────────────────────────────────────────── tidyverse_conflicts() ──\n✖ dplyr::filter() masks stats::filter()\n✖ dplyr::lag()    masks stats::lag()\nℹ Use the conflicted package (<http://conflicted.r-lib.org/>) to force all conflicts to become errors\n\nAttaching package: ‘igraph’\n\nThe following objects are masked from ‘package:lubridate’:\n\n    %--%, union\n\nThe following objects are masked from ‘package:dplyr’:\n\n    as_data_frame, groups, union\n\nThe following objects are masked from ‘package:purrr’:\n\n    compose, simplify\n\nThe following object is masked from ‘package:tidyr’:\n\n    crossing\n\nThe following object is masked from ‘package:tibble’:\n\n    as_data_frame\n\nThe following objects are masked from ‘package:stats’:\n\n    decompose, spectrum\n\nThe following object is masked from ‘package:base’:\n\n    union\n\n\nAttaching package: ‘tidygraph’\n\nThe following object is masked from ‘package:igraph’:\n\n    groups\n\nThe following object is masked from ‘package:stats’:\n\n    filter\n\nError in loadNamespace(x) : there is no package called ‘wesanderson’\nCalls: loadNamespace -> withRestarts -> withOneRestart -> doWithOneRestart\nExecution halted\n", "stdout": ""}]}
Traceback (most recent call last):
  File "/mnt/f/Plotter/vault/material/tools/rebuild_from_original_code.py", line 401, in <module>
    raise SystemExit(main())
                     ^^^^^^
  File "/mnt/f/Plotter/vault/material/tools/rebuild_from_original_code.py", line 386, in main
    record = rebuild_case(case, args.timeout)
             ^^^^^^^^^^^^^^^^^^^^^^^^^^^^^^^^
  File "/mnt/f/Plotter/vault/material/tools/rebuild_from_original_code.py", line 323, in rebuild_case
    compat.extend(create_compat_text_inputs(run_dir, script))
                  ^^^^^^^^^^^^^^^^^^^^^^^^^^^^^^^^^^^^^^^^^^
  File "/mnt/f/Plotter/vault/material/tools/rebuild_from_original_code.py", line 220, in create_compat_text_inputs
    shutil.copy2(csv_path, out)
  File "/home/vinnish/miniconda3/lib/python3.12/shutil.py", line 475, in copy2
    copyfile(src, dst, follow_symlinks=follow_symlinks)
  File "/home/vinnish/miniconda3/lib/python3.12/shutil.py", line 240, in copyfile
    raise SameFileError("{!r} and {!r} are the same file".format(src, dst))
shutil.SameFileError: PosixPath('/mnt/f/Plotter/vault/material/plotmaster_063_共定位矩阵散点图+柱状图注释/raw/group.csv') and PosixPath('/mnt/f/Plotter/vault/material/plotmaster_063_共定位矩阵散点图+柱状图注释/raw/group.csv') are the same file
