{"case": "figureya_survival_FigureYa183condSurv", "status": "success", "script": "raw/FigureYa183condSurv.Rmd", "chosen": "raw/Rplots.pdf"}
{"case": "figureya_survival_FigureYa299pancanSurv", "status": "success", "script": "raw/_plotter_fallback_tree.R", "chosen": "raw/prognostic heatmap.pdf"}
{"case": "figureya_survival_FigureYa30nomogram_update", "status": "success", "script": "raw/FigureYa30nomogram_update.Rmd", "chosen": "raw/nomogram_regplot_cox.png"}
{"case": "figureya_survival_FigureYa66UnivariateCox", "status": "success", "script": "raw/FigureYa66UnivariateCox.Rmd", "chosen": "raw/plot3.png"}
{"case": "plotcase_circos_circlize绘制和弦图", "status": "success", "script": "raw/code.R", "chosen": "raw/Rplots.pdf"}
{"case": "plotcase_heatmap_ggtree绘制离散型系统发育树热图", "status": "failed", "errors": [{"script": "raw/code.R", "returncode": 1, "stderr": "ee.\nMolecular Biology and Evolution. 2018, 35(12):3041-3043.\ndoi:10.1093/molbev/msy194\n\nAttaching package: ‘ggtree’\n\nThe following object is masked from ‘package:tidyr’:\n\n    expand\n\nggtreeExtra v1.16.0 For help: https://yulab-smu.top/treedata-book/\n\nIf you use the ggtree package suite in published research, please cite\nthe appropriate paper(s):\n\nS Xu, Z Dai, P Guo, X Fu, S Liu, L Zhou, W Tang, T Feng, M Chen, L\nZhan, T Wu, E Hu, Y Jiang, X Bo, G Yu. ggtreeExtra: Compact\nvisualization of richly annotated phylogenetic data. Molecular Biology\nand Evolution. 2021, 38(9):4039-4042. doi: 10.1093/molbev/msab166\nWarning messages:\n1: `aes_()` was deprecated in ggplot2 3.0.0.\nℹ Please use tidy evaluation idioms with `aes()`\nℹ The deprecated feature was likely used in the ggtree package.\n  Please report the issue at <https://github.com/YuLab-SMU/ggtree/issues>. \n2: In fortify(data, ...) : Arguments in `...` must be used.\n✖ Problematic arguments:\n• as.Date = as.Date\n• yscale_mapping = yscale_mapping\n• hang = hang\nℹ Did you misspell an argument name?\n3: `aes_string()` was deprecated in ggplot2 3.0.0.\nℹ Please use tidy evaluation idioms with `aes()`.\nℹ See also `vignette(\"ggplot2-in-packages\")` for more information.\nℹ The deprecated feature was likely used in the ggtree package.\n  Please report the issue at <https://github.com/YuLab-SMU/ggtree/issues>. \nRows: 218 Columns: 3\n── Column specification ────────────────────────────────────────────────────────\nDelimiter: \",\"\nchr (3): label, source, susceptibility\n\nℹ Use `spec()` to retrieve the full column specification for this data.\nℹ Specify the column types or set `show_col_types = FALSE` to quiet this message.\nScale for y is already present.\nAdding another scale for y, which will replace the existing scale.\nScale for fill is already present.\nAdding another scale for fill, which will replace the existing scale.\nError: <ggtree> object properties are invalid:\n- @mapping must be <ggplot2::mapping>, not S3<data.frame>\nExecution halted\n", "stdout": ""}]}
{"case": "plotcase_heatmap_多分组气泡热图", "status": "success", "script": "raw/code.R", "chosen": "raw/Rplots.pdf"}
{"case": "plotcase_heatmap_多类别分面注释热图", "status": "success", "script": "raw/code.R", "chosen": "raw/Rplots.pdf"}
{"case": "plotcase_heatmap_对角线相关性热图", "status": "success", "script": "raw/code.R", "chosen": "raw/Rplots.pdf"}
{"case": "plotcase_heatmap_离散热图与条图组合", "status": "success", "script": "raw/code.R", "chosen": "raw/Rplots.pdf"}
{"case": "plotcase_network_Treemap矩形树状GO富集分析图", "status": "success", "script": "raw/code.R", "chosen": "raw/Rplots.pdf"}
{"case": "plotcase_network_ggraph环形网络图_多维数据圈层", "status": "success", "script": "raw/code.R", "chosen": "raw/Rplots.pdf"}
{"case": "plotcase_sankey_渐变色桑基图_进阶版", "status": "success", "script": "raw/code.R", "chosen": "raw/Rplots.pdf"}
{"case": "plotmaster_001箱线图+散点图", "status": "success", "script": "raw/box_scatter_plot.R", "chosen": "raw/Rplots.pdf"}
{"case": "plotmaster_002渐变火山图", "status": "success", "script": "raw/vocanol_plot.R", "chosen": "raw/Rplots.pdf"}
{"case": "plotmaster_004提琴图", "status": "success", "script": "raw/violin_plot.R", "chosen": "raw/violin_plot.png"}
{"case": "plotmaster_009甘特图", "status": "success", "script": "raw/gantt.R", "chosen": "raw/Rplots.pdf"}
{"case": "plotmaster_018单细胞分组火山图", "status": "success", "script": "raw/codes.R", "chosen": "raw/Rplots.pdf"}
{"case": "plotmaster_023泛癌箱线图+显著性检验", "status": "success", "script": "raw/codes.R", "chosen": "raw/box_plot.png"}
{"case": "plotmaster_025三维PCA散点图", "status": "success", "script": "raw/codes.R", "chosen": "raw/plot1.png"}
{"case": "plotmaster_032表达定量雷达图", "status": "success", "script": "raw/codes.R", "chosen": "raw/Rplots.pdf"}
{"case": "plotmaster_047散点饼图", "status": "success", "script": "raw/codes.R", "chosen": "raw/plot.png"}
{"case": "plotmaster_050复杂分组散点图", "status": "success", "script": "raw/codes.R", "chosen": "raw/plot.png"}
{"case": "plotmaster_48个性化桑基图", "status": "success", "script": "raw/codes.R", "chosen": "raw/plot.png"}
