{"case": "figureya_survival_FigureYa187RMS", "geometry": "line", "source_csv": "data_raw/easy_input.csv", "rows": 548, "rebuilt": true}
{"case": "figureya_survival_FigureYa189timeCindex", "geometry": "line", "source_csv": "data_raw/easy_input.csv", "rows": 548, "rebuilt": true}
{"case": "figureya_survival_FigureYa193RiskTable", "geometry": "line", "source_csv": "data_raw/gse39582.expr.csv", "rows": 800, "rebuilt": true}
{"case": "figureya_survival_FigureYa197SmoothHaz", "geometry": "line", "source_csv": "data_raw/easy_input.csv", "rows": 800, "rebuilt": true}
{"case": "figureya_survival_FigureYa1survivalCurve_update", "geometry": "line", "source_csv": "data_raw/easy_input_2.csv", "rows": 87, "rebuilt": true}
{"case": "figureya_survival_FigureYa210survivalScape", "geometry": "line", "source_csv": "data_raw/easy_input_expr.csv", "rows": 20, "rebuilt": true}
{"case": "figureya_survival_FigureYa251NPHSurv", "geometry": "line", "source_csv": "data_raw/easy_input_surv.csv", "rows": 298, "rebuilt": true}
{"case": "figureya_survival_FigureYa284pairwiseLogrank", "geometry": "line", "source_csv": "data_raw/easy_input.csv", "rows": 800, "rebuilt": true}
{"case": "figureya_survival_FigureYa299pancanSurv", "geometry": "line", "source_csv": "data_raw/output_combined_dataframe_with_both_gene_expression_and_survival_information.csv", "rows": 800, "rebuilt": true}
{"case": "figureya_survival_FigureYa305PMAPscore", "geometry": "line", "source_csv": "data_raw/InputData/hsaSPIA_csv/object_summary.csv", "rows": 1, "rebuilt": true}
{"case": "figureya_survival_FigureYa30nomogram_update", "geometry": "line", "source_csv": "data_raw/easy_input.csv", "rows": 418, "rebuilt": true}
{"case": "figureya_survival_FigureYa33DCA_update", "geometry": "line", "source_csv": "data_raw/easy_input.csv", "rows": 418, "rebuilt": true}
{"case": "figureya_survival_FigureYa66UnivariateCox", "geometry": "line", "source_csv": "data_raw/TCGA_phenotype_denseDataOnlyDownload.csv", "rows": 800, "rebuilt": true}
{"case": "figureya_survival_FigureYa6rHRsV2", "geometry": "line", "source_csv": "data_raw/easy_input.csv", "rows": 25, "rebuilt": true}
{"case": "figureya_survival_FigureYa85timeROC", "geometry": "line", "source_csv": "data_raw/easy_input.csv", "rows": 257, "rebuilt": true}
{"case": "plotcase_barplot_ggplot2优雅的绘制径向条形图", "geometry": "bar", "source_csv": "data_raw/data/data.csv", "rows": 668, "rebuilt": true}
{"case": "plotcase_barplot_ggplot2绘制小清新版箭头图", "geometry": "bar", "source_csv": "data_raw/data/data.csv", "rows": 11, "rebuilt": true}
{"case": "plotcase_barplot_ggplot2绘制菌群分布图", "geometry": "bar", "source_csv": "data_raw/data/data.csv", "rows": 800, "rebuilt": true}
{"case": "plotcase_barplot_个性化环状条形图", "geometry": "bar", "source_csv": "data_raw/data/data_2.csv", "rows": 12, "rebuilt": true}
{"case": "plotcase_barplot_区域缩柱状图_(基础入门)", "geometry": "bar", "source_csv": "data_raw/data/17GUSformat__Sheet2.csv", "rows": 333, "rebuilt": true}
{"case": "plotcase_barplot_基因富集分析条图", "geometry": "bar", "source_csv": "data_raw/data/DEGs_kegg.csv", "rows": 34, "rebuilt": true}
{"case": "plotcase_barplot_多元素组合分布条图", "geometry": "bar", "source_csv": "data_raw/data/43016_2026_1303_MOESM3_ESM__pie_data.csv", "rows": 6, "rebuilt": true}
{"case": "plotcase_barplot_多层注释柱状图", "geometry": "bar", "source_csv": "data_raw/data/data.csv", "rows": 72, "rebuilt": true}
{"case": "plotcase_barplot_多层注释柱状图进阶版", "geometry": "bar", "source_csv": "data_raw/data/data.csv", "rows": 49, "rebuilt": true}
{"case": "plotcase_barplot_局部放大柱状图", "geometry": "bar", "source_csv": "data_raw/data/data2.csv", "rows": 4, "rebuilt": true}
{"case": "plotcase_barplot_条形图与直方分布图组合", "geometry": "bar", "source_csv": "data_raw/data/data.csv", "rows": 10, "rebuilt": true}
{"case": "plotcase_barplot_极坐标堆砌柱状图", "geometry": "bar", "source_csv": "data_raw/data/realm_data.csv", "rows": 26, "rebuilt": true}
{"case": "plotcase_barplot_柱状图添加显著性标记_(进阶版)", "geometry": "bar", "source_csv": "data_raw/data/data.csv", "rows": 8, "rebuilt": true}
{"case": "plotcase_barplot_柱状图添加显著性标记_基础版", "geometry": "bar", "source_csv": "data_raw/data/data.csv", "rows": 120, "rebuilt": true}
{"case": "plotcase_barplot_正负分布堆砌条形图", "geometry": "bar", "source_csv": "data_raw/data/data.csv", "rows": 8, "rebuilt": true}
{"case": "plotcase_barplot_环形条形图", "geometry": "bar", "source_csv": "data_raw/data/data2.csv", "rows": 58, "rebuilt": true}
{"case": "plotcase_barplot_配对连线条图", "geometry": "bar", "source_csv": "data_raw/data/data.csv", "rows": 16, "rebuilt": true}
{"case": "plotcase_barplot_配对连线条形图_进阶版", "geometry": "bar", "source_csv": "data_raw/data/data1.csv", "rows": 20, "rebuilt": true}
{"case": "plotcase_boxplot_几何阴影填充箱线图", "geometry": "box", "source_csv": "synthetic_from_case_identity", "rows": 36, "rebuilt": true}
{"case": "plotcase_boxplot_多分组分面小提琴箱线图", "geometry": "box", "source_csv": "data_raw/data/data.csv", "rows": 800, "rebuilt": true}
{"case": "plotcase_boxplot_多组配对连线箱线图", "geometry": "box", "source_csv": "data_raw/data/cell_abundance_sample_timepoint.csv", "rows": 545, "rebuilt": true}
{"case": "plotcase_boxplot_方差分析箱线图_进阶版", "geometry": "box", "source_csv": "data_raw/data/data.csv", "rows": 264, "rebuilt": true}
{"case": "plotcase_boxplot_箱线图_基础入门版", "geometry": "box", "source_csv": "data_raw/data/data.csv", "rows": 77, "rebuilt": true}
{"case": "plotcase_boxplot_配对连线箱线图", "geometry": "box", "source_csv": "data_raw/data/boxplot_data.csv", "rows": 264, "rebuilt": true}
{"case": "plotcase_circos_GO富集分析通路图", "geometry": "network", "source_csv": "data_raw/data/GO_pathway.csv", "rows": 8, "rebuilt": true}
{"case": "plotcase_circos_circlize优雅绘制多重注释弦图", "geometry": "network", "source_csv": "data_raw/data/data.csv", "rows": 8, "rebuilt": true}
{"case": "plotcase_circos_circlize绘制和弦图", "geometry": "network", "source_csv": "data_raw/data/43018_2024_870_MOESM8_ESM__Fig6c_Combo.csv", "rows": 800, "rebuilt": true}
{"case": "plotcase_circos_circlize绘制和弦图进阶版", "geometry": "network", "source_csv": "data_raw/data/data.csv", "rows": 10, "rebuilt": true}
{"case": "plotcase_circos_circlize绘制融合基因图", "geometry": "network", "source_csv": "data_raw/data/bed.csv", "rows": 27, "rebuilt": true}
{"case": "plotcase_circos_多类别关联网络弦图", "geometry": "network", "source_csv": "synthetic_from_case_identity", "rows": 36, "rebuilt": true}
{"case": "plotcase_circos_细胞通讯和弦图", "geometry": "network", "source_csv": "data_raw/data/data.csv", "rows": 7, "rebuilt": true}
{"case": "plotcase_circos_细胞通讯弦图_基础入门", "geometry": "network", "source_csv": "synthetic_from_case_identity", "rows": 36, "rebuilt": true}
{"case": "plotcase_heatmap_3D热图", "geometry": "heatmap", "source_csv": "data_raw/data/data3.csv", "rows": 150, "rebuilt": true}
{"case": "plotcase_heatmap_ARG丰度与环境因子相关性网络热图", "geometry": "heatmap", "source_csv": "data_raw/data/41586_2026_10413_MOESM7_ESM.csv", "rows": 17, "rebuilt": true}
{"case": "plotcase_heatmap_Mantel检验热图", "geometry": "heatmap", "source_csv": "synthetic_from_case_identity", "rows": 36, "rebuilt": true}
{"case": "plotcase_heatmap_circlize绘制环状聚类热图", "geometry": "heatmap", "source_csv": "data_raw/data/data.csv", "rows": 100, "rebuilt": true}
{"case": "plotcase_heatmap_circlize风格多层次极坐标热图", "geometry": "heatmap", "source_csv": "data_raw/data/41591_2025_3891_MOESM5_ESM__source_data_fig1c_1.csv", "rows": 800, "rebuilt": true}
{"case": "plotcase_heatmap_corrplot绘制相关性热图", "geometry": "heatmap", "source_csv": "synthetic_from_case_identity", "rows": 36, "rebuilt": true}
{"case": "plotcase_heatmap_ggforce标记关键信息", "geometry": "heatmap", "source_csv": "synthetic_from_case_identity", "rows": 36, "rebuilt": true}
{"case": "plotcase_heatmap_ggplot2绘制连续型热图", "geometry": "heatmap", "source_csv": "data_raw/data/data.csv", "rows": 25, "rebuilt": true}
{"case": "plotcase_heatmap_ggtree绘制环状聚类热图", "geometry": "heatmap", "source_csv": "data_raw/data/data.csv", "rows": 98, "rebuilt": true}
{"case": "plotcase_heatmap_ggtree绘制离散型系统发育树热图", "geometry": "heatmap", "source_csv": "data_raw/data/metadata.csv", "rows": 218, "rebuilt": true}
{"case": "plotcase_heatmap_ggtree绘制组合热图", "geometry": "heatmap", "source_csv": "data_raw/data/data.csv", "rows": 13, "rebuilt": true}
{"case": "plotcase_heatmap_scDotPlot绘制单细胞层次聚类气泡热图", "geometry": "heatmap", "source_csv": "synthetic_from_case_identity", "rows": 36, "rebuilt": true}
{"case": "plotcase_heatmap_tidyheatmaps轻松绘制热图", "geometry": "heatmap", "source_csv": "synthetic_from_case_identity", "rows": 36, "rebuilt": true}
{"case": "plotcase_heatmap_分组注释标记热图", "geometry": "heatmap", "source_csv": "data_raw/data/41586_2026_10453_MOESM11_ESM.csv", "rows": 64, "rebuilt": true}
{"case": "plotcase_heatmap_分面热图", "geometry": "heatmap", "source_csv": "data_raw/data/data.csv", "rows": 26, "rebuilt": true}
{"case": "plotcase_heatmap_回归方差分解热图", "geometry": "heatmap", "source_csv": "data_raw/data/env.csv", "rows": 24, "rebuilt": true}
{"case": "plotcase_heatmap_基因表达注释热图", "geometry": "heatmap", "source_csv": "data_raw/data/data.csv", "rows": 136, "rebuilt": true}
{"case": "plotcase_heatmap_多元素个性化对角线热图", "geometry": "heatmap", "source_csv": "data_raw/data/data.csv", "rows": 18, "rebuilt": true}
{"case": "plotcase_heatmap_多元素个性化气泡热图", "geometry": "heatmap", "source_csv": "data_raw/data/heat.csv", "rows": 45, "rebuilt": true}
{"case": "plotcase_heatmap_多分组气泡热图", "geometry": "heatmap", "source_csv": "data_raw/data/prevlance.stat5.csv", "rows": 150, "rebuilt": true}
{"case": "plotcase_heatmap_多层嵌套分面热图", "geometry": "heatmap", "source_csv": "data_raw/data/41591_2025_3891_MOESM6_ESM__source_data_fig2a_2.csv", "rows": 399, "rebuilt": true}
{"case": "plotcase_heatmap_多类别分面注释热图", "geometry": "heatmap", "source_csv": "data_raw/data/heta.csv", "rows": 27, "rebuilt": true}
{"case": "plotcase_heatmap_多类别注释风格热图", "geometry": "heatmap", "source_csv": "data_raw/data/data.csv", "rows": 19, "rebuilt": true}
{"case": "plotcase_heatmap_多重注释分组热图", "geometry": "heatmap", "source_csv": "data_raw/data/data.csv", "rows": 32, "rebuilt": true}
{"case": "plotcase_heatmap_对角线相关性热图", "geometry": "heatmap", "source_csv": "data_raw/data/41586_2025_9686_MOESM8_ESM__Fig4f.csv", "rows": 800, "rebuilt": true}
{"case": "plotcase_heatmap_差异表达基因的层次聚类热图", "geometry": "heatmap", "source_csv": "data_raw/data/heatmap_gene.csv", "rows": 800, "rebuilt": true}
{"case": "plotcase_heatmap_极坐标热图添加聚类", "geometry": "heatmap", "source_csv": "synthetic_from_case_identity", "rows": 36, "rebuilt": true}
{"case": "plotcase_heatmap_气泡配对连线个性化热图", "geometry": "heatmap", "source_csv": "data_raw/data/heatmap2.csv", "rows": 19, "rebuilt": true}
{"case": "plotcase_heatmap_热图添加层次折叠聚类树", "geometry": "heatmap", "source_csv": "data_raw/data/Figure5-metabolicfunctions_logtpm.csv", "rows": 127, "rebuilt": true}
{"case": "plotcase_heatmap_热图添加渐变色背景", "geometry": "heatmap", "source_csv": "data_raw/data/Source_Data_to_Main_Figures__Fig.4a.csv", "rows": 800, "rebuilt": true}
{"case": "plotcase_heatmap_环状分组热图", "geometry": "heatmap", "source_csv": "data_raw/data/heatmap.csv", "rows": 20, "rebuilt": true}
{"case": "plotcase_heatmap_环状注释热图", "geometry": "heatmap", "source_csv": "data_raw/data/data.csv", "rows": 95, "rebuilt": true}
{"case": "plotcase_heatmap_相关性分面热图", "geometry": "heatmap", "source_csv": "data_raw/data/genus.csv", "rows": 19, "rebuilt": true}
{"case": "plotcase_heatmap_相关性注释热图", "geometry": "heatmap", "source_csv": "data_raw/data/data.csv", "rows": 57, "rebuilt": true}
{"case": "plotcase_heatmap_相关性热图进阶", "geometry": "heatmap", "source_csv": "synthetic_from_case_identity", "rows": 36, "rebuilt": true}
{"case": "plotcase_heatmap_离散气泡热图", "geometry": "heatmap", "source_csv": "data_raw/data/data3.csv", "rows": 150, "rebuilt": true}
{"case": "plotcase_heatmap_离散热图与条图组合", "geometry": "heatmap", "source_csv": "data_raw/data/41467_2022_35431_MOESM8_ESM__S6.csv", "rows": 800, "rebuilt": true}
{"case": "plotcase_heatmap_系统发育树组合离散热图", "geometry": "heatmap", "source_csv": "data_raw/data/Fig2a.csv", "rows": 568, "rebuilt": true}
{"case": "plotcase_heatmap_边框分组注释热图", "geometry": "heatmap", "source_csv": "data_raw/data/data.csv", "rows": 16, "rebuilt": true}
{"case": "plotcase_heatmap_配对连线热图", "geometry": "heatmap", "source_csv": "data_raw/data/data1.csv", "rows": 30, "rebuilt": true}
{"case": "plotcase_map_ggbump优雅绘制组合地图", "geometry": "scatter", "source_csv": "data_raw/data/data.csv", "rows": 800, "rebuilt": true}
{"case": "plotcase_map_地图嵌套子图", "geometry": "scatter", "source_csv": "data_raw/data/map.csv", "rows": 800, "rebuilt": true}
{"case": "plotcase_map_地图添加3D饼图注释", "geometry": "scatter", "source_csv": "data_raw/data/region.csv", "rows": 9, "rebuilt": true}
{"case": "plotcase_map_环状地图", "geometry": "scatter", "source_csv": "synthetic_from_case_identity", "rows": 36, "rebuilt": true}
{"case": "plotcase_map_连线地图", "geometry": "scatter", "source_csv": "synthetic_from_case_identity", "rows": 36, "rebuilt": true}
{"case": "plotcase_map_采样点地图", "geometry": "scatter", "source_csv": "data_raw/data/data.csv", "rows": 123, "rebuilt": true}
{"case": "plotcase_map_采样点地图进阶版", "geometry": "scatter", "source_csv": "data_raw/data/data.csv", "rows": 442, "rebuilt": true}
{"case": "plotcase_network_GO通路相似性网络图_基于基因重叠度", "geometry": "network", "source_csv": "data_raw/data/GO_pathway.csv", "rows": 8, "rebuilt": true}
{"case": "plotcase_network_STRING_BioNet网络模块解析代码实战", "geometry": "network", "source_csv": "data_raw/data/stringdb_NK_background.csv", "rows": 800, "rebuilt": true}
{"case": "plotcase_network_Treemap矩形树状GO富集分析图", "geometry": "network", "source_csv": "data_raw/data/Source_data_master_file_FT_cilia_proteome.csv", "rows": 310, "rebuilt": true}
{"case": "plotcase_network_ggplot2优雅绘制网络图", "geometry": "network", "source_csv": "data_raw/data/data.csv", "rows": 100, "rebuilt": true}
{"case": "plotcase_network_ggraph构建疾病遗传调控网络图", "geometry": "network", "source_csv": "data_raw/data/43587_2025_1027_MOESM9_ESM__Figure_7d.csv", "rows": 430, "rebuilt": true}
{"case": "plotcase_network_ggraph环形网络图_多维数据圈层", "geometry": "network", "source_csv": "data_raw/data/network_data.csv", "rows": 68, "rebuilt": true}
{"case": "plotcase_network_ggraph绘制代谢途径图", "geometry": "network", "source_csv": "data_raw/data/oppp_edges.csv", "rows": 14, "rebuilt": true}
{"case": "plotcase_network_ggraph绘制环状网络图", "geometry": "network", "source_csv": "data_raw/data/data.csv", "rows": 100, "rebuilt": true}
{"case": "plotcase_network_分层气泡图_类别层次结构展示", "geometry": "network", "source_csv": "data_raw/data/data.csv", "rows": 800, "rebuilt": true}
{"case": "plotcase_network_基因互作网络图", "geometry": "network", "source_csv": "data_raw/data/data.csv", "rows": 54, "rebuilt": true}
{"case": "plotcase_network_微生物与代谢物共生网络图", "geometry": "network", "source_csv": "synthetic_from_case_identity", "rows": 36, "rebuilt": true}
{"case": "plotcase_network_环形网络图的构建方法", "geometry": "network", "source_csv": "data_raw/data/41588_2025_2326_MOESM8_ESM__fig5b.csv", "rows": 49, "rebuilt": true}
{"case": "plotcase_network_细胞通讯网络图", "geometry": "network", "source_csv": "data_raw/data/count_network.csv", "rows": 144, "rebuilt": true}
{"case": "plotcase_network_网络图_基础入门版", "geometry": "network", "source_csv": "data_raw/data/edge.csv", "rows": 120, "rebuilt": true}
{"case": "plotcase_network_蛋白互作网络图", "geometry": "network", "source_csv": "data_raw/data/string_interactions.csv", "rows": 39, "rebuilt": true}
{"case": "plotcase_pie_3D饼图", "geometry": "scatter", "source_csv": "data_raw/data/41588_2025_2351_MOESM6_ESM__source_data_Figure_2d.csv", "rows": 68, "rebuilt": true}
{"case": "plotcase_pie_ggplot2绘制月亮图", "geometry": "scatter", "source_csv": "data_raw/data/sunshine.csv", "rows": 70, "rebuilt": true}
{"case": "plotcase_pie_分裂饼图", "geometry": "scatter", "source_csv": "synthetic_from_case_identity", "rows": 36, "rebuilt": true}
{"case": "plotcase_pie_多层饼图", "geometry": "scatter", "source_csv": "data_raw/data/data.csv", "rows": 72, "rebuilt": true}
{"case": "plotcase_pie_循环绘制饼图", "geometry": "scatter", "source_csv": "data_raw/data/GUSsStat.csv", "rows": 550, "rebuilt": true}
{"case": "plotcase_point,面积图_双Y轴散点面积组合图", "geometry": "line", "source_csv": "data_raw/data/data1.csv", "rows": 102, "rebuilt": true}
{"case": "plotcase_point_NMDS分析图", "geometry": "scatter", "source_csv": "data_raw/data/18SV9.norm.csv", "rows": 800, "rebuilt": true}
{"case": "plotcase_point_PCA散点图", "geometry": "scatter", "source_csv": "data_raw/data/F1__Fig_1c_KEGG_module.csv", "rows": 43, "rebuilt": true}
{"case": "plotcase_point_PCOA分析图", "geometry": "scatter", "source_csv": "data_raw/data/GUSabun_TPM.csv", "rows": 550, "rebuilt": true}
{"case": "plotcase_point_ggplot2优雅的绘制增强版哑铃图", "geometry": "scatter", "source_csv": "data_raw/data/data.csv", "rows": 13, "rebuilt": true}
{"case": "plotcase_point_ggplot2绘制平滑曲线注释散点图", "geometry": "line", "source_csv": "data_raw/data/KY.csv", "rows": 96, "rebuilt": true}
{"case": "plotcase_point_ggplot2绘制误差线点图", "geometry": "scatter", "source_csv": "data_raw/data/F1-b.csv", "rows": 50, "rebuilt": true}
{"case": "plotcase_point_三元相图", "geometry": "scatter", "source_csv": "data_raw/data/41586_2025_9686_MOESM9_ESM__Fig5b.csv", "rows": 800, "rebuilt": true}
{"case": "plotcase_point_四象限散点图", "geometry": "scatter", "source_csv": "data_raw/data/data.csv", "rows": 800, "rebuilt": true}
{"case": "plotcase_point_多层级曼哈顿图", "geometry": "scatter", "source_csv": "synthetic_from_case_identity", "rows": 36, "rebuilt": true}
{"case": "plotcase_point_多组火山图", "geometry": "scatter", "source_csv": "data_raw/data/data.csv", "rows": 800, "rebuilt": true}
{"case": "plotcase_point_效应量森林图_分组比较与显著性标注", "geometry": "scatter", "source_csv": "data_raw/data/F1_f.csv", "rows": 96, "rebuilt": true}
{"case": "plotcase_point_散点图叠加多坐标轴", "geometry": "scatter", "source_csv": "data_raw/data/41591_2025_3891_MOESM5_ESM__source_data_fig1c_1.csv", "rows": 800, "rebuilt": true}
{"case": "plotcase_point_散点图叠加多组拟合曲线", "geometry": "line", "source_csv": "data_raw/data/data.csv", "rows": 288, "rebuilt": true}
{"case": "plotcase_point_散点图叠加拟合曲线_(基础入门)", "geometry": "line", "source_csv": "data_raw/data/data1.csv", "rows": 87, "rebuilt": true}
{"case": "plotcase_point_散点图叠加边际分布", "geometry": "scatter", "source_csv": "data_raw/data/F7d.csv", "rows": 36, "rebuilt": true}
{"case": "plotcase_point_散点饼图_(基础入门)", "geometry": "scatter", "source_csv": "data_raw/data/pie2.csv", "rows": 220, "rebuilt": true}
{"case": "plotcase_point_曼哈顿图", "geometry": "scatter", "source_csv": "data_raw/data/chr.csv", "rows": 800, "rebuilt": true}
{"case": "plotcase_point_气泡图高阶用法添加时间轨迹趋势线", "geometry": "scatter", "source_csv": "data_raw/data/F1.csv", "rows": 150, "rebuilt": true}
{"case": "plotcase_point_渐变火山图", "geometry": "scatter", "source_csv": "data_raw/data/41586_2025_9686_MOESM8_ESM__Fig4f.csv", "rows": 800, "rebuilt": true}
{"case": "plotcase_point_火山图_(基础入门)", "geometry": "scatter", "source_csv": "synthetic_from_case_identity", "rows": 36, "rebuilt": true}
{"case": "plotcase_point_火山图局部放大版", "geometry": "scatter", "source_csv": "data_raw/data/data.csv", "rows": 800, "rebuilt": true}
{"case": "plotcase_point_点线图_(基础入门)", "geometry": "scatter", "source_csv": "data_raw/data/data.csv", "rows": 9, "rebuilt": true}
{"case": "plotcase_point_配对散点图_(基础入门)", "geometry": "scatter", "source_csv": "data_raw/data/data2.csv", "rows": 226, "rebuilt": true}
{"case": "plotcase_sankey,venn_桑基组合维恩图", "geometry": "network", "source_csv": "synthetic_from_case_identity", "rows": 36, "rebuilt": true}
{"case": "plotcase_sankey_多层级桑基图", "geometry": "network", "source_csv": "data_raw/data/sankey_data.csv", "rows": 18, "rebuilt": true}
{"case": "plotcase_sankey_桑基流向图", "geometry": "network", "source_csv": "data_raw/data/data.csv", "rows": 310, "rebuilt": true}
{"case": "plotcase_sankey_渐变色桑基图", "geometry": "network", "source_csv": "data_raw/data/data.csv", "rows": 26, "rebuilt": true}
{"case": "plotcase_sankey_渐变色桑基图_进阶版", "geometry": "network", "source_csv": "data_raw/data/F5d.csv", "rows": 225, "rebuilt": true}
{"case": "plotcase_sankey_节点融合桑基图", "geometry": "network", "source_csv": "data_raw/data/data1_1.csv", "rows": 80, "rebuilt": true}
{"case": "plotcase_tree_ggtree绘制多层级进化树", "geometry": "network", "source_csv": "data_raw/data/v4.csv", "rows": 800, "rebuilt": true}
{"case": "plotcase_tree_ggtree绘制系统发育树", "geometry": "network", "source_csv": "data_raw/data/data.csv", "rows": 127, "rebuilt": true}
{"case": "plotcase_tree_多层级系统发育树图", "geometry": "network", "source_csv": "data_raw/data/pMAGs_Presence_Datasets.csv", "rows": 800, "rebuilt": true}
{"case": "plotcase_venn,pie_维恩图组合饼图", "geometry": "scatter", "source_csv": "synthetic_from_case_identity", "rows": 36, "rebuilt": true}
{"case": "plotcase_venn_ggplot2绘制花瓣图", "geometry": "scatter", "source_csv": "synthetic_from_case_identity", "rows": 36, "rebuilt": true}
{"case": "plotcase_venn_维恩图组合棒棒糖图", "geometry": "scatter", "source_csv": "synthetic_from_case_identity", "rows": 36, "rebuilt": true}
{"case": "plotcase_venn_维恩点图", "geometry": "scatter", "source_csv": "data_raw/data/NCOMMS-24-29043C_Source_Data_to_Main_Figures__Fig.1c.csv", "rows": 800, "rebuilt": true}
{"case": "plotcase_violin_分裂小提琴图", "geometry": "box", "source_csv": "data_raw/data/data.csv", "rows": 800, "rebuilt": true}
{"case": "plotcase_violin_分裂小提琴图分面版", "geometry": "box", "source_csv": "data_raw/data/violin_data.csv", "rows": 280, "rebuilt": true}
{"case": "plotcase_violin_小提琴图添加显著性标记", "geometry": "box", "source_csv": "data_raw/data/data.csv", "rows": 264, "rebuilt": true}
{"case": "plotcase_violin_小提琴图自定义刻度值", "geometry": "box", "source_csv": "data_raw/data/gene.csv", "rows": 800, "rebuilt": true}
{"case": "plotcase_violin_配对连线半小提琴图", "geometry": "box", "source_csv": "data_raw/data/data.csv", "rows": 230, "rebuilt": true}
{"case": "plotcase_云雨图_云雨图添加统计信息", "geometry": "box", "source_csv": "data_raw/data/data3.csv", "rows": 144, "rebuilt": true}
{"case": "plotcase_冲积图_物种组成冲积图", "geometry": "scatter", "source_csv": "data_raw/data/NCOMMS-24-29043C_Source_Data_to_Main_Figures__Fig.1c.csv", "rows": 800, "rebuilt": true}
{"case": "plotcase_哑铃图_哑铃图进阶展示差异信息", "geometry": "scatter", "source_csv": "data_raw/data/data.csv", "rows": 26, "rebuilt": true}
{"case": "plotcase_哑铃图_环形哑铃通路图", "geometry": "scatter", "source_csv": "data_raw/data/data.csv", "rows": 26, "rebuilt": true}
{"case": "plotcase_基因组图_geneviewer基因簇结构可视化", "geometry": "scatter", "source_csv": "synthetic_from_case_identity", "rows": 36, "rebuilt": true}
{"case": "plotcase_基因组图_常规基因组结构图", "geometry": "scatter", "source_csv": "synthetic_from_case_identity", "rows": 36, "rebuilt": true}
{"case": "plotcase_基因组图_比较基因组结构图", "geometry": "scatter", "source_csv": "synthetic_from_case_identity", "rows": 36, "rebuilt": true}
{"case": "plotcase_山脊图_山脊密度图", "geometry": "scatter", "source_csv": "data_raw/data/dataForFig2AB.csv", "rows": 307, "rebuilt": true}
{"case": "plotcase_折线图_折线图添加密度分布", "geometry": "line", "source_csv": "data_raw/data/f1g.csv", "rows": 800, "rebuilt": true}
{"case": "plotcase_旭日图_旭日图_(基础入门)", "geometry": "scatter", "source_csv": "data_raw/data/data.csv", "rows": 26, "rebuilt": true}
{"case": "plotcase_曲线图_Kaplan_Meier生存曲线", "geometry": "line", "source_csv": "data_raw/data/patient_metadata.csv", "rows": 34, "rebuilt": true}
{"case": "plotcase_曲线图_累积曲线图", "geometry": "line", "source_csv": "data_raw/data/F6e-MHC.csv", "rows": 800, "rebuilt": true}
{"case": "plotcase_森林图_多因素Cox森林图", "geometry": "line", "source_csv": "data_raw/data/43018_2025_1072_MOESM3_ESM__Figure1a.csv", "rows": 487, "rebuilt": true}
{"case": "plotcase_森林图_森林图进阶图例映射版", "geometry": "scatter", "source_csv": "data_raw/data/data.csv", "rows": 14, "rebuilt": true}
{"case": "plotcase_气泡图_堆积气泡图", "geometry": "scatter", "source_csv": "data_raw/data/data.csv", "rows": 36, "rebuilt": true}
{"case": "plotcase_流程图_流程图_基础版", "geometry": "network", "source_csv": "synthetic_from_case_identity", "rows": 36, "rebuilt": true}
{"case": "plotcase_流程图_流程图_进阶版", "geometry": "network", "source_csv": "data_raw/data/data.csv", "rows": 99, "rebuilt": true}
{"case": "plotcase_流程图_细胞网络通讯示意图", "geometry": "network", "source_csv": "synthetic_from_case_identity", "rows": 36, "rebuilt": true}
{"case": "plotcase_游泳图_游泳图_进阶版", "geometry": "scatter", "source_csv": "data_raw/data/Response_outcome.csv", "rows": 221, "rebuilt": true}
{"case": "plotcase_维诺图_维诺图", "geometry": "scatter", "source_csv": "data_raw/data/data.csv", "rows": 36, "rebuilt": true}
{"case": "plotcase_维诺图_维诺图划分子区域", "geometry": "scatter", "source_csv": "data_raw/data/data.csv", "rows": 20, "rebuilt": true}
{"case": "plotcase_综合图_ggplot2组合展示误差线点图与柱状图", "geometry": "bar", "source_csv": "data_raw/data/data.csv", "rows": 68, "rebuilt": true}
{"case": "plotcase_综合图_lefse分析图", "geometry": "scatter", "source_csv": "data_raw/data/feature_table.csv", "rows": 800, "rebuilt": true}
{"case": "plotcase_综合图_多分组统计与差异变化综合图", "geometry": "scatter", "source_csv": "data_raw/data/41586_2025_9686_MOESM5_ESM__Fig1g.csv", "rows": 800, "rebuilt": true}
{"case": "plotcase_雷达图_雷达图批量绘制", "geometry": "radar", "source_csv": "data_raw/data/data.csv", "rows": 11, "rebuilt": false, "error": "Traceback (most recent call last):\n  File \"/mnt/f/Plotter/vault/material/plotcase_雷达图_雷达图批量绘制/plot.py\", line 8, in <module>\n    render('radar', '雷达图批量绘制')\n  File \"/mnt/f/Plotter/vault/material/tools/plotter_standard_renderer.py\", line 213, in render\n    render_radar(frame, title)\n  File \"/mnt/f/Plotter/vault/material/tools/plotter_standard_renderer.py\", line 196, in render_radar\n    _finish(fig, ax, title)\n  File \"/mnt/f/Plotter/vault/material/tools/plotter_standard_renderer.py\", line 61, in _finish\n    ax.spines[spine].set_visible(False)\n    ~~~~~~~~~^^^^^^^\n  File \"/home/vinnish/miniconda3/lib/python3.12/site-packages/matplotlib/spines.py\", line 588, in __getitem__\n    return self._dict[key]\n           ~~~~~~~~~~^^^^^\nKeyError: 'top'\n"}
{"case": "plotcase_面积图,barplot_柱状图组合面积图", "geometry": "bar", "source_csv": "data_raw/data/data1.csv", "rows": 15, "rebuilt": true}
{"case": "plotcase_面积图_ggplot2绘制极坐标面积图", "geometry": "line", "source_csv": "data_raw/data/data.csv", "rows": 800, "rebuilt": true}
{"case": "plotcase_面积图_堆砌流动面积图", "geometry": "line", "source_csv": "data_raw/data/41586_2025_9686_MOESM6_ESM__Fig2f_g.csv", "rows": 800, "rebuilt": true}
{"case": "plotmaster_001箱线图+散点图", "geometry": "box", "source_csv": "data_raw/data01.csv", "rows": 46, "rebuilt": true}
{"case": "plotmaster_002渐变火山图", "geometry": "scatter", "source_csv": "data_raw/data02.csv", "rows": 800, "rebuilt": true}
{"case": "plotmaster_004提琴图", "geometry": "scatter", "source_csv": "data_raw/data2.csv", "rows": 800, "rebuilt": true}
{"case": "plotmaster_005复杂热图", "geometry": "heatmap", "source_csv": "data_raw/rownames.csv", "rows": 53, "rebuilt": true}
{"case": "plotmaster_006复杂散点图", "geometry": "scatter", "source_csv": "synthetic_from_case_identity", "rows": 36, "rebuilt": true}
{"case": "plotmaster_007气泡火山图", "geometry": "scatter", "source_csv": "data_raw/term_data.csv", "rows": 100, "rebuilt": true}
{"case": "plotmaster_008复杂热图02", "geometry": "heatmap", "source_csv": "synthetic_from_case_identity", "rows": 36, "rebuilt": true}
{"case": "plotmaster_009甘特图", "geometry": "scatter", "source_csv": "data_raw/data_raw.csv", "rows": 800, "rebuilt": true}
{"case": "plotmaster_011批量散点图+拟合曲线", "geometry": "line", "source_csv": "synthetic_from_case_identity", "rows": 36, "rebuilt": true}
{"case": "plotmaster_012箱线图美化", "geometry": "box", "source_csv": "synthetic_from_case_identity", "rows": 36, "rebuilt": true}
{"case": "plotmaster_013复杂百分比柱状图", "geometry": "bar", "source_csv": "synthetic_from_case_identity", "rows": 36, "rebuilt": true}
{"case": "plotmaster_013渐变柱状图", "geometry": "bar", "source_csv": "synthetic_from_case_identity", "rows": 36, "rebuilt": true}
{"case": "plotmaster_015分半小提琴图", "geometry": "box", "source_csv": "data_raw/data.csv", "rows": 84, "rebuilt": true}
{"case": "plotmaster_016复杂热图+渐变色连线", "geometry": "heatmap", "source_csv": "synthetic_from_case_identity", "rows": 36, "rebuilt": true}
{"case": "plotmaster_017基因融合热图+堆积柱状图", "geometry": "heatmap", "source_csv": "data_raw/41467_2022_31780_MOESM9_ESM.csv", "rows": 516, "rebuilt": true}
{"case": "plotmaster_018单细胞分组火山图", "geometry": "scatter", "source_csv": "data_raw/data02.csv", "rows": 800, "rebuilt": true}
{"case": "plotmaster_019堆积柱状图+折线+热图注释", "geometry": "heatmap", "source_csv": "synthetic_from_case_identity", "rows": 36, "rebuilt": true}
{"case": "plotmaster_020多组学九象限散点图", "geometry": "scatter", "source_csv": "synthetic_from_case_identity", "rows": 36, "rebuilt": true}
{"case": "plotmaster_021分组散点图+直方图注释", "geometry": "bar", "source_csv": "synthetic_from_case_identity", "rows": 36, "rebuilt": true}
{"case": "plotmaster_022复杂环形热图", "geometry": "heatmap", "source_csv": "data_raw/41591_2022_1686_MOESM3_ESM__Supplementary_Table_17.csv", "rows": 800, "rebuilt": true}
{"case": "plotmaster_023泛癌箱线图+显著性检验", "geometry": "box", "source_csv": "data_raw/hsa-let-7a-5p.TCGA_PanCancer_Expression_Data.csv", "rows": 800, "rebuilt": true}
{"case": "plotmaster_024矩阵饼图+分组注释", "geometry": "heatmap", "source_csv": "data_raw/pnas.2120787119.sd06__Gene_mutation-Gene_mutation.csv", "rows": 800, "rebuilt": true}
{"case": "plotmaster_025三维PCA散点图", "geometry": "scatter", "source_csv": "data_raw/Figure4A-DiffusionMap.csv", "rows": 707, "rebuilt": true}
{"case": "plotmaster_026相关性气泡图+显著性热图", "geometry": "heatmap", "source_csv": "synthetic_from_case_identity", "rows": 36, "rebuilt": true}
{"case": "plotmaster_027箱线图+热图注释", "geometry": "heatmap", "source_csv": "synthetic_from_case_identity", "rows": 36, "rebuilt": true}
{"case": "plotmaster_028分面双向柱状图+热图注释", "geometry": "heatmap", "source_csv": "data_raw/otu_taxa_table1.csv", "rows": 800, "rebuilt": true}
{"case": "plotmaster_029分面堆积面积图", "geometry": "line", "source_csv": "synthetic_from_case_identity", "rows": 36, "rebuilt": true}
{"case": "plotmaster_030形状火山图", "geometry": "scatter", "source_csv": "synthetic_from_case_identity", "rows": 36, "rebuilt": true}
{"case": "plotmaster_031环形散点图+环形热图", "geometry": "heatmap", "source_csv": "data_raw/439_2022_2514_MOESM3_ESM.csv", "rows": 1, "rebuilt": true}
{"case": "plotmaster_032表达定量雷达图", "geometry": "radar", "source_csv": "data_raw/radar.eg.csv", "rows": 19, "rebuilt": false, "error": "Traceback (most recent call last):\n  File \"/mnt/f/Plotter/vault/material/plotmaster_032表达定量雷达图/plot.py\", line 8, in <module>\n    render('radar', '032表达定量雷达图')\n  File \"/mnt/f/Plotter/vault/material/tools/plotter_standard_renderer.py\", line 213, in render\n    render_radar(frame, title)\n  File \"/mnt/f/Plotter/vault/material/tools/plotter_standard_renderer.py\", line 196, in render_radar\n    _finish(fig, ax, title)\n  File \"/mnt/f/Plotter/vault/material/tools/plotter_standard_renderer.py\", line 61, in _finish\n    ax.spines[spine].set_visible(False)\n    ~~~~~~~~~^^^^^^^\n  File \"/home/vinnish/miniconda3/lib/python3.12/site-packages/matplotlib/spines.py\", line 588, in __getitem__\n    return self._dict[key]\n           ~~~~~~~~~~^^^^^\nKeyError: 'top'\n"}
{"case": "plotmaster_033个性化森林图", "geometry": "scatter", "source_csv": "data_raw/rownames.csv", "rows": 27, "rebuilt": true}
{"case": "plotmaster_034柱状图+抖动散点+误差棒", "geometry": "bar", "source_csv": "synthetic_from_case_identity", "rows": 36, "rebuilt": true}
{"case": "plotmaster_035堆积柱状图+百分比柱状图", "geometry": "bar", "source_csv": "synthetic_from_case_identity", "rows": 36, "rebuilt": true}
{"case": "plotmaster_036批量箱线图+多组间显著性检验", "geometry": "box", "source_csv": "synthetic_from_case_identity", "rows": 36, "rebuilt": true}
{"case": "plotmaster_037分类变量环形热图", "geometry": "heatmap", "source_csv": "data_raw/NIHMS1854082-supplement-4__RWR_prediction.csv", "rows": 800, "rebuilt": true}
{"case": "plotmaster_038聚类热图+注释", "geometry": "heatmap", "source_csv": "synthetic_from_case_identity", "rows": 36, "rebuilt": true}
{"case": "plotmaster_039雷达图+环形注释", "geometry": "radar", "source_csv": "synthetic_from_case_identity", "rows": 36, "rebuilt": false, "error": "Traceback (most recent call last):\n  File \"/mnt/f/Plotter/vault/material/plotmaster_039雷达图+环形注释/plot.py\", line 8, in <module>\n    render('radar', '039雷达图+环形注释')\n  File \"/mnt/f/Plotter/vault/material/tools/plotter_standard_renderer.py\", line 213, in render\n    render_radar(frame, title)\n  File \"/mnt/f/Plotter/vault/material/tools/plotter_standard_renderer.py\", line 196, in render_radar\n    _finish(fig, ax, title)\n  File \"/mnt/f/Plotter/vault/material/tools/plotter_standard_renderer.py\", line 61, in _finish\n    ax.spines[spine].set_visible(False)\n    ~~~~~~~~~^^^^^^^\n  File \"/home/vinnish/miniconda3/lib/python3.12/site-packages/matplotlib/spines.py\", line 588, in __getitem__\n    return self._dict[key]\n           ~~~~~~~~~~^^^^^\nKeyError: 'top'\n"}
{"case": "plotmaster_040密度直方图", "geometry": "bar", "source_csv": "synthetic_from_case_identity", "rows": 36, "rebuilt": true}
{"case": "plotmaster_041分半箱线图+抖动散点图", "geometry": "box", "source_csv": "synthetic_from_case_identity", "rows": 36, "rebuilt": true}
{"case": "plotmaster_042批量散点图+批量折线图", "geometry": "line", "source_csv": "synthetic_from_case_identity", "rows": 36, "rebuilt": true}
{"case": "plotmaster_043分块热图+注释", "geometry": "heatmap", "source_csv": "synthetic_from_case_identity", "rows": 36, "rebuilt": true}
{"case": "plotmaster_044百分比柱状图+误差棒", "geometry": "bar", "source_csv": "synthetic_from_case_identity", "rows": 36, "rebuilt": true}
{"case": "plotmaster_045分组提琴图+显著性检验", "geometry": "scatter", "source_csv": "synthetic_from_case_identity", "rows": 36, "rebuilt": true}
{"case": "plotmaster_046环形层次聚类热图+批量环形饼图", "geometry": "heatmap", "source_csv": "synthetic_from_case_identity", "rows": 36, "rebuilt": true}
{"case": "plotmaster_047散点饼图", "geometry": "scatter", "source_csv": "data_raw/sciimmunol.abn6429_data_s1_to_s7/Data_file_S7__Fig._1G.csv", "rows": 631, "rebuilt": true}
{"case": "plotmaster_049多组哑铃图", "geometry": "scatter", "source_csv": "data_raw/data.csv", "rows": 60, "rebuilt": true}
{"case": "plotmaster_050复杂分组散点图", "geometry": "scatter", "source_csv": "data_raw/.RData_csv/plot_data.csv", "rows": 800, "rebuilt": true}
{"case": "plotmaster_051箱线图+抖动散点", "geometry": "box", "source_csv": "synthetic_from_case_identity", "rows": 36, "rebuilt": true}
{"case": "plotmaster_052细腰箱线图", "geometry": "box", "source_csv": "synthetic_from_case_identity", "rows": 36, "rebuilt": true}
{"case": "plotmaster_053分组气泡图", "geometry": "scatter", "source_csv": "data_raw/data.csv", "rows": 195, "rebuilt": true}
{"case": "plotmaster_054分面森林图", "geometry": "scatter", "source_csv": "data_raw/data.csv", "rows": 100, "rebuilt": true}
{"case": "plotmaster_055批量火山图", "geometry": "scatter", "source_csv": "data_raw/Supplemental_Excel_Table__Excel_Table_S9.csv", "rows": 354, "rebuilt": true}
{"case": "plotmaster_056复杂网络图", "geometry": "network", "source_csv": "data_raw/Supplemental_Excel_Table__Excel_Table_S9.csv", "rows": 354, "rebuilt": true}
{"case": "plotmaster_057复杂进化树", "geometry": "network", "source_csv": "synthetic_from_case_identity", "rows": 36, "rebuilt": true}
{"case": "plotmaster_058分面折线图+置信区间+误差棒", "geometry": "line", "source_csv": "data_raw/TableS3.csv", "rows": 16, "rebuilt": true}
{"case": "plotmaster_059桑基气泡图", "geometry": "network", "source_csv": "data_raw/GO_enrichment_stat.csv", "rows": 247, "rebuilt": true}
{"case": "plotmaster_060复杂环形互作网络图", "geometry": "network", "source_csv": "data_raw/Supplemental_Excel_Table__Excel_Table_S9.csv", "rows": 354, "rebuilt": true}
{"case": "plotmaster_061散点图+双向误差棒", "geometry": "scatter", "source_csv": "synthetic_from_case_identity", "rows": 36, "rebuilt": true}
{"case": "plotmaster_062环形分组折线图", "geometry": "line", "source_csv": "synthetic_from_case_identity", "rows": 36, "rebuilt": true}
{"case": "plotmaster_063_共定位矩阵散点图+柱状图注释", "geometry": "heatmap", "source_csv": "data_raw/data.csv", "rows": 43, "rebuilt": true}
{"case": "plotmaster_48个性化桑基图", "geometry": "network", "source_csv": "data_raw/data.csv", "rows": 28, "rebuilt": true}
{"case": "plotmaster_双向柱状图", "geometry": "bar", "source_csv": "synthetic_from_case_identity", "rows": 36, "rebuilt": true}
