
[stderr]
── Attaching core tidyverse packages ──────────────────────── tidyverse 2.0.0 ──
✔ dplyr     1.1.4     ✔ readr     2.1.5
✔ forcats   1.0.0     ✔ stringr   1.5.1
✔ ggplot2   4.0.3     ✔ tibble    3.2.1
✔ lubridate 1.9.4     ✔ tidyr     1.3.1
✔ purrr     1.0.4     
── Conflicts ────────────────────────────────────────── tidyverse_conflicts() ──
✖ dplyr::filter() masks stats::filter()
✖ dplyr::lag()    masks stats::lag()
ℹ Use the conflicted package (<http://conflicted.r-lib.org/>) to force all conflicts to become errors
ggtree v3.14.0 Learn more at https://yulab-smu.top/contribution-tree-data/

Please cite:

Guangchuang Yu. Using ggtree to visualize data on tree-like structures.
Current Protocols in Bioinformatics. 2020, 69:e96. doi:10.1002/cpbi.96

Attaching package: ‘ggtree’

The following object is masked from ‘package:tidyr’:

    expand

treeio v1.30.0 Learn more at https://yulab-smu.top/contribution-tree-data/

Please cite:

LG Wang, TTY Lam, S Xu, Z Dai, L Zhou, T Feng, P Guo, CW Dunn, BR
Jones, T Bradley, H Zhu, Y Guan, Y Jiang, G Yu. treeio: an R package
for phylogenetic tree input and output with richly annotated and
associated data. Molecular Biology and Evolution. 2020, 37(2):599-603.
doi: 10.1093/molbev/msz240

Attaching package: ‘ape’

The following object is masked from ‘package:treeio’:

    drop.tip

The following object is masked from ‘package:ggtree’:

    rotate

The following object is masked from ‘package:dplyr’:

    where

ggtreeExtra v1.16.0 For help: https://yulab-smu.top/treedata-book/

If you use the ggtree package suite in published research, please cite
the appropriate paper(s):

S Xu, Z Dai, P Guo, X Fu, S Liu, L Zhou, W Tang, T Feng, M Chen, L
Zhan, T Wu, E Hu, Y Jiang, X Bo, G Yu. ggtreeExtra: Compact
visualization of richly annotated phylogenetic data. Molecular Biology
and Evolution. 2021, 38(9):4039-4042. doi: 10.1093/molbev/msab166
Rows: 95 Columns: 11
── Column specification ────────────────────────────────────────────────────────
Delimiter: "\t"
chr (2): sample, Group
dbl (9): S1_LD1, S1_LD2, S1_LD3, S2_LD1, S2_LD2, S2_LD3, S3_LD1, S3_LD2, S3_LD3

ℹ Use `spec()` to retrieve the full column specification for this data.
ℹ Specify the column types or set `show_col_types = FALSE` to quiet this message.
Coordinate system already present.
ℹ Adding new coordinate system, which will replace the existing one.
Scale for y is already present.
Adding another scale for y, which will replace the existing scale.
Scale for y is already present.
Adding another scale for y, which will replace the existing scale.
Warning messages:
1: `aes_()` was deprecated in ggplot2 3.0.0.
ℹ Please use tidy evaluation idioms with `aes()`
ℹ The deprecated feature was likely used in the ggtree package.
  Please report the issue at <https://github.com/YuLab-SMU/ggtree/issues>. 
2: In fortify(data, ...) : Arguments in `...` must be used.
✖ Problematic arguments:
• as.Date = as.Date
• yscale_mapping = yscale_mapping
• branch.length = branch.length
• hang = hang
• linetype = 0
• size = 0.5
ℹ Did you misspell an argument name?
3: Using `size` aesthetic for lines was deprecated in ggplot2 3.4.0.
ℹ Please use `linewidth` instead.
ℹ The deprecated feature was likely used in the ggtree package.
  Please report the issue at <https://github.com/YuLab-SMU/ggtree/issues>. 
4: `aes_string()` was deprecated in ggplot2 3.0.0.
ℹ Please use tidy evaluation idioms with `aes()`.
ℹ See also `vignette("ggplot2-in-packages")` for more information.
ℹ The deprecated feature was likely used in the ggtreeExtra package.
  Please report the issue at <https://github.com/YuLab-SMU/ggtreeExtra/issues>. 
5: The column of x aesthetic only have one unique value with `geom = geom_tile`,
and the `width` of `geom_tile()` is not provided, the `pwidth` will be as
`width`. 
