Starting R package installation...
===========================================

Installing CRAN packages...
Installing CRAN package: condsurv 
Successfully installed: condsurv 
Package already installed: ggplot2 
Package already installed: ggpubr 
Package already installed: patchwork 
Package already installed: survival 
Package already installed: survminer 
Package already installed: tidyverse 

===========================================
Package installation completed!
You can now run your R scripts in this directory.
  futime fustat
1   2178      0
2   2172      0
3   2190      0
4    297      1
5   2131      0
6      1      1

  0   1 
285 215 

[stderr]
Installing package into ‘/home/vinnish/R/x86_64-pc-linux-gnu-library/4.4’
(as ‘lib’ is unspecified)
Warning messages:
1: package ‘condsurv’ is not available for this version of R

A version of this package for your version of R might be available elsewhere,
see the ideas at
https://cran.r-project.org/doc/manuals/r-patched/R-admin.html#Installing-packages 
2: Perhaps you meant ‘condSURV’ ? 
── Attaching core tidyverse packages ──────────────────────── tidyverse 2.0.0 ──
✔ dplyr     1.1.4     ✔ readr     2.1.5
✔ forcats   1.0.0     ✔ stringr   1.5.1
✔ ggplot2   4.0.3     ✔ tibble    3.2.1
✔ lubridate 1.9.4     ✔ tidyr     1.3.1
✔ purrr     1.0.4     
── Conflicts ────────────────────────────────────────── tidyverse_conflicts() ──
✖ dplyr::filter() masks stats::filter()
✖ dplyr::lag()    masks stats::lag()
ℹ Use the conflicted package (<http://conflicted.r-lib.org/>) to force all conflicts to become errors
Loading required package: ggpubr

Attaching package: ‘survminer’

The following object is masked from ‘package:survival’:

    myeloma

Ignoring unknown labels:
• colour : "Strata"
