
[stderr]
── Attaching core tidyverse packages ──────────────────────── tidyverse 2.0.0 ──
✔ dplyr     1.1.4     ✔ readr     2.1.5
✔ forcats   1.0.0     ✔ stringr   1.5.1
✔ lubridate 1.9.4     ✔ tibble    3.2.1
✔ purrr     1.0.4     ✔ tidyr     1.3.1
── Conflicts ────────────────────────────────────────── tidyverse_conflicts() ──
✖ dplyr::filter() masks stats::filter()
✖ dplyr::lag()    masks stats::lag()
ℹ Use the conflicted package (<http://conflicted.r-lib.org/>) to force all conflicts to become errors

Attaching package: ‘magrittr’

The following object is masked from ‘package:purrr’:

    set_names

The following object is masked from ‘package:tidyr’:

    extract

Rows: 26 Columns: 17
── Column specification ────────────────────────────────────────────────────────
Delimiter: "\t"
chr  (1): gene
dbl (16): sample1, sample2, sample3, sample4, sample5, sample6, sample7, sam...

ℹ Use `spec()` to retrieve the full column specification for this data.
ℹ Specify the column types or set `show_col_types = FALSE` to quiet this message.
Rows: 2 Columns: 17
── Column specification ────────────────────────────────────────────────────────
Delimiter: "\t"
chr  (4): gene, sample1, sample2, sample3
lgl (13): sample4, sample5, sample6, sample7, sample8, sample9, sample10, sa...

ℹ Use `spec()` to retrieve the full column specification for this data.
ℹ Specify the column types or set `show_col_types = FALSE` to quiet this message.
Warning messages:
1: Removed 448 rows containing missing values or values outside the scale range
(`geom_text()`). 
2: In grid.Call.graphics(C_text, as.graphicsAnnot(x$label), x$x, x$y,  :
  conversion failure on 'C/EBPβ-ER' in 'mbcsToSbcs': for β (U+03B2)
