
[stderr]
── Attaching core tidyverse packages ──────────────────────── tidyverse 2.0.0 ──
✔ dplyr     1.1.4     ✔ readr     2.1.5
✔ forcats   1.0.0     ✔ stringr   1.5.1
✔ lubridate 1.9.4     ✔ tibble    3.2.1
✔ purrr     1.0.4     ✔ tidyr     1.3.1
── Conflicts ────────────────────────────────────────── tidyverse_conflicts() ──
✖ dplyr::filter() masks stats::filter()
✖ dplyr::lag()    masks stats::lag()
ℹ Use the conflicted package (<http://conflicted.r-lib.org/>) to force all conflicts to become errors
Warning messages:
1: Duplicated aesthetics after name standardisation: size 
2: Using `size` aesthetic for lines was deprecated in ggplot2 3.4.0.
ℹ Please use `linewidth` instead. 
3: Removed 96 rows containing missing values or values outside the scale range
(`geom_point()`). 
4: Removed 24 rows containing missing values or values outside the scale range
(`geom_line()`). 
Warning messages:
1: Removed 96 rows containing missing values or values outside the scale range
(`geom_point()`). 
2: Removed 24 rows containing missing values or values outside the scale range
(`geom_line()`). 
