
[stderr]
── Attaching core tidyverse packages ──────────────────────── tidyverse 2.0.0 ──
✔ dplyr     1.1.4     ✔ readr     2.1.5
✔ forcats   1.0.0     ✔ stringr   1.5.1
✔ lubridate 1.9.4     ✔ tibble    3.2.1
✔ purrr     1.0.4     ✔ tidyr     1.3.1
── Conflicts ────────────────────────────────────────── tidyverse_conflicts() ──
✖ dplyr::filter() masks stats::filter()
✖ dplyr::lag()    masks stats::lag()
ℹ Use the conflicted package (<http://conflicted.r-lib.org/>) to force all conflicts to become errors

Attaching package: ‘rstatix’

The following object is masked from ‘package:stats’:

    filter

Rows: 8 Columns: 13
── Column specification ────────────────────────────────────────────────────────
Delimiter: "\t"
chr  (1): RNA
dbl (12): Col0_rep1, Col0_rep2, Col0_rep3, val1-2_rep1, val1-2_rep2, val1-2_...

ℹ Use `spec()` to retrieve the full column specification for this data.
ℹ Specify the column types or set `show_col_types = FALSE` to quiet this message.
Warning messages:
1: In stat_summary(aes(fill = Group), fun = "mean", geom = "bar", size = 3,  :
  Ignoring unknown parameters: `size`
2: In stat_summary(aes(fill = Group), fun.data = "mean_se", geom = "errorbar",  :
  Ignoring unknown aesthetics: fill
3: `position_dodge()` requires non-overlapping x intervals. 
