
[stderr]
── Attaching core tidyverse packages ──────────────────────── tidyverse 2.0.0 ──
✔ dplyr     1.1.4     ✔ readr     2.1.5
✔ forcats   1.0.0     ✔ stringr   1.5.1
✔ lubridate 1.9.4     ✔ tibble    3.2.1
✔ purrr     1.0.4     ✔ tidyr     1.3.1
── Conflicts ────────────────────────────────────────── tidyverse_conflicts() ──
✖ dplyr::filter() masks stats::filter()
✖ dplyr::lag()    masks stats::lag()
ℹ Use the conflicted package (<http://conflicted.r-lib.org/>) to force all conflicts to become errors

Attaching package: ‘magrittr’

The following object is masked from ‘package:purrr’:

    set_names

The following object is masked from ‘package:tidyr’:

    extract


Attaching package: ‘MASS’

The following object is masked from ‘package:dplyr’:

    select

Loading required package: boot
Loading required package: survey
Loading required package: grid
Loading required package: Matrix

Attaching package: ‘Matrix’

The following objects are masked from ‘package:tidyr’:

    expand, pack, unpack

Loading required package: survival

Attaching package: ‘survival’

The following object is masked from ‘package:boot’:

    aml


Attaching package: ‘survey’

The following object is masked from ‘package:graphics’:

    dotchart

Loading required package: mitools
This is the global version of package relaimpo.

If you are a non-US user, a version with the interesting additional metric pmvd is available

from Ulrike Groempings web site at prof.beuth-hochschule.de/groemping.


Attaching package: ‘psych’

The following object is masked from ‘package:boot’:

    logit

The following objects are masked from ‘package:ggplot2’:

    %+%, alpha


Attaching package: ‘reshape2’

The following object is masked from ‘package:tidyr’:

    smiths

Rows: 24 Columns: 15
── Column specification ────────────────────────────────────────────────────────
Delimiter: "\t"
chr  (1): sample
dbl (14): N, P, K, Ca, Mg, S, Al, Fe, Mn, Zn, Mo, Baresoil, Humdepth, pH

ℹ Use `spec()` to retrieve the full column specification for this data.
ℹ Specify the column types or set `show_col_types = FALSE` to quiet this message.
Rows: 24 Columns: 10
── Column specification ────────────────────────────────────────────────────────
Delimiter: "\t"
chr (1): sample
dbl (9): Callvulg, Empenigr, Vaccmyrt, Vaccviti, Dicrfusc, Pleuschr, Cladarb...

ℹ Use `spec()` to retrieve the full column specification for this data.
ℹ Specify the column types or set `show_col_types = FALSE` to quiet this message.
Don't know how to automatically pick scale for object of type <noquote>.
Defaulting to continuous.
Don't know how to automatically pick scale for object of type <noquote>.
Defaulting to continuous.
Don't know how to automatically pick scale for object of type <noquote>.
Defaulting to continuous.
