
[stderr]
── Attaching core tidyverse packages ──────────────────────── tidyverse 2.0.0 ──
✔ dplyr     1.1.4     ✔ readr     2.1.5
✔ forcats   1.0.0     ✔ stringr   1.5.1
✔ lubridate 1.9.4     ✔ tibble    3.2.1
✔ purrr     1.0.4     ✔ tidyr     1.3.1
── Conflicts ────────────────────────────────────────── tidyverse_conflicts() ──
✖ dplyr::filter() masks stats::filter()
✖ dplyr::lag()    masks stats::lag()
ℹ Use the conflicted package (<http://conflicted.r-lib.org/>) to force all conflicts to become errors
ggtree v3.14.0 Learn more at https://yulab-smu.top/contribution-tree-data/

Please cite:

Guangchuang Yu.  Data Integration, Manipulation and Visualization of
Phylogenetic Trees (1st edition). Chapman and Hall/CRC. 2022,
doi:10.1201/9781003279242, ISBN: 9781032233574

Attaching package: ‘ggtree’

The following object is masked from ‘package:tidyr’:

    expand

Rows: 13 Columns: 52
── Column specification ────────────────────────────────────────────────────────
Delimiter: "\t"
chr  (2): Gene1, Gene
dbl (50): CCMD15562448ST, CCMD17410933ST, CCMD18829815ST, CCMD21703880ST, CC...

ℹ Use `spec()` to retrieve the full column specification for this data.
ℹ Specify the column types or set `show_col_types = FALSE` to quiet this message.
Warning message:
Using `size` aesthetic for lines was deprecated in ggplot2 3.4.0.
ℹ Please use `linewidth` instead. 
Rows: 13 Columns: 52
── Column specification ────────────────────────────────────────────────────────
Delimiter: "\t"
chr  (2): Gene1, Gene
dbl (50): CCMD15562448ST, CCMD17410933ST, CCMD18829815ST, CCMD21703880ST, CC...

ℹ Use `spec()` to retrieve the full column specification for this data.
ℹ Specify the column types or set `show_col_types = FALSE` to quiet this message.
Rows: 50 Columns: 2
── Column specification ────────────────────────────────────────────────────────
Delimiter: "\t"
chr (2): Sample_ID, Group

ℹ Use `spec()` to retrieve the full column specification for this data.
ℹ Specify the column types or set `show_col_types = FALSE` to quiet this message.
Warning messages:
1: `aes_()` was deprecated in ggplot2 3.0.0.
ℹ Please use tidy evaluation idioms with `aes()`
ℹ The deprecated feature was likely used in the ggtree package.
  Please report the issue at <https://github.com/YuLab-SMU/ggtree/issues>. 
2: In fortify(data, ...) : Arguments in `...` must be used.
✖ Problematic arguments:
• as.Date = as.Date
• yscale_mapping = yscale_mapping
ℹ Did you misspell an argument name?
Warning message:
In fortify(data, ...) : Arguments in `...` must be used.
✖ Problematic arguments:
• as.Date = as.Date
• yscale_mapping = yscale_mapping
ℹ Did you misspell an argument name?
